// Jest Snapshot v1, https://goo.gl/fbAQLP

exports[`Button Tests Primary Button renders correctly 1`] = `"<Button variant="primary">Submit</Button>"`;

exports[`Button Tests Secondary Button renders correctly 1`] = `"<Button variant="secondary">Cancel</Button>"`;

exports[`Button Tests Small Button renders correctly 1`] = `"<Button isSmall>Close</Button>"`;
